// Jest Snapshot v1, https://goo.gl/fbAQLP

exports[`will integrate query on select 1`] = `
	SELECT
	  \`Baz\`.\`value\` AS \`baz\`,
	  \`Foo\`.\`color\` AS \`color\`
	FROM
	  \`Foo\`
	  JOIN \`Bar\` ON \`Bar\`.\`color\` = \`Foo\`.\`color\`
	  JOIN \`Baz\` ON \`Baz\`.\`rating\` = \`Bar\`.\`rating\`
`;
